   Compiling etib v0.1.0 (/var/home/gregg/Documents/epitech/etib/engine/etib)
warning: unused import: `EmitterState`
 --> etib/src/sounds/group.rs:9:31
  |
9 | use crate::sounds::strategy::{EmitterState, SoundStrategy};
  |                               ^^^^^^^^^^^^
  |
  = note: `#[warn(unused_imports)]` (part of `#[warn(unused)]`) on by default

error[E0308]: mismatched types
  --> etib/src/sounds/group.rs:44:23
   |
44 |             listener: listener.clone(),
   |                       ^^^^^^^^^^^^^^^^ expected `ListenerHandle`, found `&ListenerHandle`
   |
note: `ListenerHandle` does not implement `Clone`, so `&ListenerHandle` was cloned instead
  --> etib/src/sounds/group.rs:44:23
   |
44 |             listener: listener.clone(),
   |                       ^^^^^^^^

warning: variable does not need to be mutable
  --> etib/src/game.rs:75:17
   |
75 |             let mut render_pass = encoder.begin_render_pass(&wgpu::RenderPassDescriptor {
   |                 ----^^^^^^^^^^^
   |                 |
   |                 help: remove this `mut`
   |
   = note: `#[warn(unused_mut)]` (part of `#[warn(unused)]`) on by default

warning: unused variable: `ctx`
   --> etib/src/game.rs:116:25
    |
116 |     fn input(&mut self, ctx: &mut EngineContext, event: &WindowEvent) {}
    |                         ^^^ help: if this is intentional, prefix it with an underscore: `_ctx`
    |
    = note: `#[warn(unused_variables)]` (part of `#[warn(unused)]`) on by default

warning: unused variable: `event`
   --> etib/src/game.rs:116:50
    |
116 |     fn input(&mut self, ctx: &mut EngineContext, event: &WindowEvent) {}
    |                                                  ^^^^^ help: if this is intentional, prefix it with an underscore: `_event`

warning: unused variable: `ctx`
   --> etib/src/game.rs:117:32
    |
117 |     fn device_input(&mut self, ctx: &mut EngineContext, event: &DeviceEvent) {}
    |                                ^^^ help: if this is intentional, prefix it with an underscore: `_ctx`

warning: unused variable: `event`
   --> etib/src/game.rs:117:57
    |
117 |     fn device_input(&mut self, ctx: &mut EngineContext, event: &DeviceEvent) {}
    |                                                         ^^^^^ help: if this is intentional, prefix it with an underscore: `_event`

error[E0433]: failed to resolve: use of unresolved module or unlinked crate `mint`
  --> etib/src/sounds/group.rs:11:32
   |
11 | fn to_mint(v: Vector3<f32>) -> mint::Vector3<f32> {
   |                                ^^^^ use of unresolved module or unlinked crate `mint`
   |
   = help: if you wanted to use a crate named `mint`, use `cargo add mint` to add it to your `Cargo.toml`

error[E0433]: failed to resolve: use of unresolved module or unlinked crate `mint`
  --> etib/src/sounds/group.rs:12:5
   |
12 |     mint::Vector3 {
   |     ^^^^ use of unresolved module or unlinked crate `mint`
   |
   = help: if you wanted to use a crate named `mint`, use `cargo add mint` to add it to your `Cargo.toml`

error[E0433]: failed to resolve: use of unresolved module or unlinked crate `mint`
  --> etib/src/sounds/group.rs:67:23
   |
67 |             let pos = mint::Vector3 {
   |                       ^^^^ use of unresolved module or unlinked crate `mint`
   |
   = help: if you wanted to use a crate named `mint`, use `cargo add mint` to add it to your `Cargo.toml`

error[E0433]: failed to resolve: use of unresolved module or unlinked crate `mint`
 --> etib/src/sounds/manager.rs:7:44
  |
7 | fn to_mint_vec3(x: f32, y: f32, z: f32) -> mint::Vector3<f32> {
  |                                            ^^^^ use of unresolved module or unlinked crate `mint`
  |
  = help: if you wanted to use a crate named `mint`, use `cargo add mint` to add it to your `Cargo.toml`

error[E0433]: failed to resolve: use of unresolved module or unlinked crate `mint`
 --> etib/src/sounds/manager.rs:8:5
  |
8 |     mint::Vector3 { x, y, z }
  |     ^^^^ use of unresolved module or unlinked crate `mint`
  |
  = help: if you wanted to use a crate named `mint`, use `cargo add mint` to add it to your `Cargo.toml`

error[E0433]: failed to resolve: use of unresolved module or unlinked crate `mint`
  --> etib/src/sounds/manager.rs:11:52
   |
11 | fn to_mint_quat(x: f32, y: f32, z: f32, w: f32) -> mint::Quaternion<f32> {
   |                                                    ^^^^ use of unresolved module or unlinked crate `mint`
   |
   = help: if you wanted to use a crate named `mint`, use `cargo add mint` to add it to your `Cargo.toml`

error[E0433]: failed to resolve: use of unresolved module or unlinked crate `mint`
  --> etib/src/sounds/manager.rs:12:5
   |
12 |     mint::Quaternion {
   |     ^^^^ use of unresolved module or unlinked crate `mint`
   |
   = help: if you wanted to use a crate named `mint`, use `cargo add mint` to add it to your `Cargo.toml`

error[E0433]: failed to resolve: use of unresolved module or unlinked crate `mint`
  --> etib/src/sounds/manager.rs:13:12
   |
13 |         v: mint::Vector3 { x, y, z },
   |            ^^^^ use of unresolved module or unlinked crate `mint`
   |
   = help: if you wanted to use a crate named `mint`, use `cargo add mint` to add it to your `Cargo.toml`

error[E0433]: failed to resolve: use of unresolved module or unlinked crate `mint`
  --> etib/src/sounds/manager.rs:83:13
   |
83 |             mint::Quaternion {
   |             ^^^^ use of unresolved module or unlinked crate `mint`
   |
   = help: if you wanted to use a crate named `mint`, use `cargo add mint` to add it to your `Cargo.toml`

error[E0433]: failed to resolve: use of unresolved module or unlinked crate `mint`
  --> etib/src/sounds/manager.rs:84:20
   |
84 |                 v: mint::Vector3 {
   |                    ^^^^ use of unresolved module or unlinked crate `mint`
   |
   = help: if you wanted to use a crate named `mint`, use `cargo add mint` to add it to your `Cargo.toml`

Some errors have detailed explanations: E0308, E0433.
For more information about an error, try `rustc --explain E0308`.
warning: `etib` (lib) generated 6 warnings
error: could not compile `etib` (lib) due to 11 previous errors; 6 warnings emitted
